// Jest Snapshot v1, https://goo.gl/fbAQLP

exports[`<DecisionList /> with data 1`] = `
Array [
  <div
    className="decisions__item"
  >
    <p
      className="decisions__value"
    >
      1
      . 
      The pen is mightier than the sword.
    </p>
    <button
      className="decisions__remove-btn"
      onClick={[Function]}
    >
      remove
    </button>
  </div>,
  <div
    className="decisions__item"
  >
    <p
      className="decisions__value"
    >
      2
      . 
      When in Rome, do as the Romans.
    </p>
    <button
      className="decisions__remove-btn"
      onClick={[Function]}
    >
      remove
    </button>
  </div>,
  <div
    className="decisions__item"
  >
    <p
      className="decisions__value"
    >
      3
      . 
      The squeaky wheel gets the grease.
    </p>
    <button
      className="decisions__remove-btn"
      onClick={[Function]}
    >
      remove
    </button>
  </div>,
  <div
    className="decisions__item"
  >
    <p
      className="decisions__value"
    >
      4
      . 
      When the going gets tough, the tough get going.
    </p>
    <button
      className="decisions__remove-btn"
      onClick={[Function]}
    >
      remove
    </button>
  </div>,
  <div
    className="decisions__item"
  >
    <p
      className="decisions__value"
    >
      5
      . 
      Hope for the best, but prepare for the worst.
    </p>
    <button
      className="decisions__remove-btn"
      onClick={[Function]}
    >
      remove
    </button>
  </div>,
]
`;

exports[`<DecisionList /> without data 1`] = `
<p
  className="decisions__list__message"
>
  Please add an option to get started!
</p>
`;
